2025-10-01 22:24:07,908 - main - INFO - 开始处理 /api/review-questions 请求
2025-10-01 22:24:32,070 - main - INFO - 开始处理 /api/review-questions 请求
2025-10-01 22:24:56,200 - main - INFO - 开始处理 /api/review-questions 请求
2025-10-01 22:25:14,255 - main - INFO - 开始处理 /api/review-questions 请求
2025-10-01 22:25:31,740 - main - INFO - 开始处理 /api/review-questions 请求
2025-10-01 22:25:34,902 - main - ERROR - generate_review_questions错误: '\n    "question"'
Traceback (most recent call last):
  File "D:\program\AIreader\backend\main.py", line 619, in generate_review_questions
    review = llm_generate("question_generate", question_num=question_num,page_content=page_content)
             ^^^^^^^^^^^^^^^^^^^^^^^^^^^^^^^^^^^^^^^^^^^^^^^^^^^^^^^^^^^^^^^^^^^^^^^^^^^^^^^^^^^^^^
  File "D:\program\AIreader\backend\ulits.py", line 24, in llm_generate
    now_prompt=now_prompt.format(**params)
               ^^^^^^^^^^^^^^^^^^^^^^^^^^^
KeyError: '\n    "question"'
2025-10-01 22:27:03,606 - main - INFO - 开始处理 /api/review-questions 请求
2025-10-01 22:27:06,034 - main - ERROR - generate_review_questions错误: '\n    "question"'
Traceback (most recent call last):
  File "D:\program\AIreader\backend\main.py", line 619, in generate_review_questions
    review = llm_generate("question_generate", question_num=question_num,page_content=page_content)
             ^^^^^^^^^^^^^^^^^^^^^^^^^^^^^^^^^^^^^^^^^^^^^^^^^^^^^^^^^^^^^^^^^^^^^^^^^^^^^^^^^^^^^^
  File "D:\program\AIreader\backend\ulits.py", line 24, in llm_generate
    now_prompt=now_prompt.format(**params)
               ^^^^^^^^^^^^^^^^^^^^^^^^^^^
KeyError: '\n    "question"'
2025-10-01 22:27:26,134 - main - INFO - 开始处理 /api/review-questions 请求
2025-10-01 22:27:28,940 - main - ERROR - generate_review_questions错误: '\n    "question"'
Traceback (most recent call last):
  File "D:\program\AIreader\backend\main.py", line 619, in generate_review_questions
    review = llm_generate("question_generate", question_num=question_num,page_content=page_content)
             ^^^^^^^^^^^^^^^^^^^^^^^^^^^^^^^^^^^^^^^^^^^^^^^^^^^^^^^^^^^^^^^^^^^^^^^^^^^^^^^^^^^^^^
  File "D:\program\AIreader\backend\ulits.py", line 24, in llm_generate
    now_prompt=now_prompt.format(**params)
               ^^^^^^^^^^^^^^^^^^^^^^^^^^^
KeyError: '\n    "question"'
2025-10-01 22:27:58,211 - main - INFO - 开始处理 /api/review-questions 请求
2025-10-01 22:28:00,483 - main - ERROR - generate_review_questions错误: '\n    "question"'
Traceback (most recent call last):
  File "D:\program\AIreader\backend\main.py", line 619, in generate_review_questions
    review = llm_generate("question_generate", question_num=question_num,page_content=page_content)
             ^^^^^^^^^^^^^^^^^^^^^^^^^^^^^^^^^^^^^^^^^^^^^^^^^^^^^^^^^^^^^^^^^^^^^^^^^^^^^^^^^^^^^^
  File "D:\program\AIreader\backend\ulits.py", line 24, in llm_generate
    now_prompt=now_prompt.format(**params)
               ^^^^^^^^^^^^^^^^^^^^^^^^^^^
KeyError: '\n    "question"'
2025-10-01 22:29:38,896 - main - INFO - 开始处理 /api/review-questions 请求
2025-10-01 22:29:42,259 - main - ERROR - generate_review_questions错误: '\n    "question"'
Traceback (most recent call last):
  File "D:\program\AIreader\backend\main.py", line 619, in generate_review_questions
    review = llm_generate("question_generate", question_num=question_num,page_content=page_content)
             ^^^^^^^^^^^^^^^^^^^^^^^^^^^^^^^^^^^^^^^^^^^^^^^^^^^^^^^^^^^^^^^^^^^^^^^^^^^^^^^^^^^^^^
  File "D:\program\AIreader\backend\ulits.py", line 24, in llm_generate
    now_prompt=now_prompt.format(**params)
               ^^^^^^^^^^^^^^^^^^^^^^^^^^^
KeyError: '\n    "question"'
2025-10-01 22:30:54,364 - main - INFO - 开始处理 /api/review-questions 请求
2025-10-01 22:30:57,531 - main - ERROR - generate_review_questions错误: '\n    "question"'
Traceback (most recent call last):
  File "D:\program\AIreader\backend\main.py", line 619, in generate_review_questions
    review = llm_generate("question_generate", question_num=question_num,page_content=page_content)
             ^^^^^^^^^^^^^^^^^^^^^^^^^^^^^^^^^^^^^^^^^^^^^^^^^^^^^^^^^^^^^^^^^^^^^^^^^^^^^^^^^^^^^^
  File "D:\program\AIreader\backend\ulits.py", line 24, in llm_generate
    now_prompt=now_prompt.format(**params)
               ^^^^^^^^^^^^^^^^^^^^^^^^^^^
KeyError: '\n    "question"'
2025-10-01 22:32:05,844 - main - INFO - 开始处理 /api/review-questions 请求
2025-10-01 22:32:09,698 - main - ERROR - generate_review_questions错误: '\n    "question"'
Traceback (most recent call last):
  File "D:\program\AIreader\backend\main.py", line 619, in generate_review_questions
    review = llm_generate("question_generate", question_num=question_num,page_content=page_content)
             ^^^^^^^^^^^^^^^^^^^^^^^^^^^^^^^^^^^^^^^^^^^^^^^^^^^^^^^^^^^^^^^^^^^^^^^^^^^^^^^^^^^^^^
  File "D:\program\AIreader\backend\ulits.py", line 24, in llm_generate
    print(now_prompt)
               ^^^^^^^
KeyError: '\n    "question"'
2025-10-01 22:35:06,673 - main - INFO - 开始处理 /api/review-questions 请求
2025-10-01 22:35:10,436 - main - ERROR - generate_review_questions错误: '\n    "question"'
Traceback (most recent call last):
  File "D:\program\AIreader\backend\main.py", line 619, in generate_review_questions
    review = llm_generate("question_generate", question_num=question_num,page_content=page_content)
             ^^^^^^^^^^^^^^^^^^^^^^^^^^^^^^^^^^^^^^^^^^^^^^^^^^^^^^^^^^^^^^^^^^^^^^^^^^^^^^^^^^^^^^
  File "D:\program\AIreader\backend\ulits.py", line 24, in llm_generate
    now_prompt=now_prompt.format(**params)
               ^^^^^^^^^^^^^^^^^^^^^^^^^^^
KeyError: '\n    "question"'
2025-10-01 22:36:16,620 - main - INFO - 开始处理 /api/review-questions 请求
2025-10-01 22:36:27,541 - httpx - INFO - HTTP Request: POST https://api.siliconflow.cn/v1/chat/completions "HTTP/1.1 200 OK"
2025-10-01 22:36:27,548 - main - ERROR - generate_review_questions错误: repair_json() got an unexpected keyword argument 'ensure_ascii'
Traceback (most recent call last):
  File "D:\program\AIreader\backend\main.py", line 621, in generate_review_questions
    review=llm_json_parse(review)
           ^^^^^^^^^^^^^^^^^^^^^^
  File "D:\program\AIreader\backend\ulits.py", line 71, in llm_json_parse
    content = json.loads(json_repair.repair_json(content, ensure_ascii=False))
                         ^^^^^^^^^^^^^^^^^^^^^^^^^^^^^^^^^^^^^^^^^^^^^^^^^^^^
TypeError: repair_json() got an unexpected keyword argument 'ensure_ascii'
2025-10-01 22:37:38,286 - main - INFO - 开始处理 /api/review-questions 请求
2025-10-01 22:38:10,712 - openai._base_client - INFO - Retrying request to /chat/completions in 0.493644 seconds
2025-10-01 22:38:41,304 - openai._base_client - INFO - Retrying request to /chat/completions in 0.968843 seconds
2025-10-01 22:39:11,312 - httpx - INFO - HTTP Request: POST https://api.siliconflow.cn/v1/chat/completions "HTTP/1.1 200 OK"
2025-10-01 22:39:11,314 - main - ERROR - generate_review_questions错误: repair_json() got an unexpected keyword argument 'ensure_ascii'
Traceback (most recent call last):
  File "D:\program\AIreader\backend\main.py", line 621, in generate_review_questions
    review=llm_json_parse(review)
           ^^^^^^^^^^^^^^^^^^^^^^
  File "D:\program\AIreader\backend\ulits.py", line 71, in llm_json_parse
    content = json.loads(json_repair.repair_json(content))
                         ^^^^^^^^^^^^^^^^^^^^^^^^^^^^^^^^^^
TypeError: repair_json() got an unexpected keyword argument 'ensure_ascii'
2025-10-01 22:40:42,382 - main - INFO - 开始处理 /api/review-questions 请求
2025-10-01 22:41:28,507 - main - INFO - 开始处理 /api/review-questions 请求
2025-10-01 22:42:01,448 - openai._base_client - INFO - Retrying request to /chat/completions in 0.496003 seconds
2025-10-01 22:42:32,055 - openai._base_client - INFO - Retrying request to /chat/completions in 0.837237 seconds
2025-10-01 22:43:02,982 - main - ERROR - generate_review_questions错误: 500: OpenAI error: Request timed out.
Traceback (most recent call last):
  File "D:\Anaconda\envs\easy_investment\Lib\site-packages\httpx\_transports\default.py", line 101, in map_httpcore_exceptions
    yield
  File "D:\Anaconda\envs\easy_investment\Lib\site-packages\httpx\_transports\default.py", line 250, in handle_request
    resp = self._pool.handle_request(req)
           ^^^^^^^^^^^^^^^^^^^^^^^^^^^^^^
  File "D:\Anaconda\envs\easy_investment\Lib\site-packages\httpcore\_sync\connection_pool.py", line 256, in handle_request
    raise exc from None
  File "D:\Anaconda\envs\easy_investment\Lib\site-packages\httpcore\_sync\connection_pool.py", line 236, in handle_request
    response = connection.handle_request(
               ^^^^^^^^^^^^^^^^^^^^^^^^^^
  File "D:\Anaconda\envs\easy_investment\Lib\site-packages\httpcore\_sync\http_proxy.py", line 343, in handle_request
    return self._connection.handle_request(request)
           ^^^^^^^^^^^^^^^^^^^^^^^^^^^^^^^^^^^^^^^^
  File "D:\Anaconda\envs\easy_investment\Lib\site-packages\httpcore\_sync\http11.py", line 136, in handle_request
    raise exc
  File "D:\Anaconda\envs\easy_investment\Lib\site-packages\httpcore\_sync\http11.py", line 106, in handle_request
    ) = self._receive_response_headers(**kwargs)
        ^^^^^^^^^^^^^^^^^^^^^^^^^^^^^^^^^^^^^^^^
  File "D:\Anaconda\envs\easy_investment\Lib\site-packages\httpcore\_sync\http11.py", line 177, in _receive_response_headers
    event = self._receive_event(timeout=timeout)
            ^^^^^^^^^^^^^^^^^^^^^^^^^^^^^^^^^^^^
  File "D:\Anaconda\envs\easy_investment\Lib\site-packages\httpcore\_sync\http11.py", line 217, in _receive_event
    data = self._network_stream.read(
           ^^^^^^^^^^^^^^^^^^^^^^^^^^
  File "D:\Anaconda\envs\easy_investment\Lib\site-packages\httpcore\_backends\sync.py", line 126, in read
    with map_exceptions(exc_map):
         ^^^^^^^^^^^^^^^^^^^^^^^
  File "D:\Anaconda\envs\easy_investment\Lib\contextlib.py", line 158, in __exit__
    self.gen.throw(value)
  File "D:\Anaconda\envs\easy_investment\Lib\site-packages\httpcore\_exceptions.py", line 14, in map_exceptions
    raise to_exc(exc) from exc
httpcore.ReadTimeout: The read operation timed out

The above exception was the direct cause of the following exception:

Traceback (most recent call last):
  File "D:\Anaconda\envs\easy_investment\Lib\site-packages\openai\_base_client.py", line 982, in request
    response = self._client.send(
               ^^^^^^^^^^^^^^^^^^
  File "D:\Anaconda\envs\easy_investment\Lib\site-packages\httpx\_client.py", line 914, in send
    response = self._send_handling_auth(
               ^^^^^^^^^^^^^^^^^^^^^^^^^
  File "D:\Anaconda\envs\easy_investment\Lib\site-packages\httpx\_client.py", line 942, in _send_handling_auth
    response = self._send_handling_redirects(
               ^^^^^^^^^^^^^^^^^^^^^^^^^^^^^^
  File "D:\Anaconda\envs\easy_investment\Lib\site-packages\httpx\_client.py", line 979, in _send_handling_redirects
    response = self._send_single_request(request)
               ^^^^^^^^^^^^^^^^^^^^^^^^^^^^^^^^^^
  File "D:\Anaconda\envs\easy_investment\Lib\site-packages\httpx\_client.py", line 1014, in _send_single_request
    response = transport.handle_request(request)
               ^^^^^^^^^^^^^^^^^^^^^^^^^^^^^^^^^
  File "D:\Anaconda\envs\easy_investment\Lib\site-packages\httpx\_transports\default.py", line 249, in handle_request
    with map_httpcore_exceptions():
         ^^^^^^^^^^^^^^^^^^^^^^^^^
  File "D:\Anaconda\envs\easy_investment\Lib\contextlib.py", line 158, in __exit__
    self.gen.throw(value)
  File "D:\Anaconda\envs\easy_investment\Lib\site-packages\httpx\_transports\default.py", line 118, in map_httpcore_exceptions
    raise mapped_exc(message) from exc
httpx.ReadTimeout: The read operation timed out

The above exception was the direct cause of the following exception:

Traceback (most recent call last):
  File "D:\program\AIreader\backend\ulits.py", line 27, in llm_generate
    response = openai_client.chat.completions.create(
               ^^^^^^^^^^^^^^^^^^^^^^^^^^^^^^^^^^^^^^
  File "D:\Anaconda\envs\easy_investment\Lib\site-packages\openai\_utils\_utils.py", line 286, in wrapper
    return func(*args, **kwargs)
           ^^^^^^^^^^^^^^^^^^^^^
  File "D:\Anaconda\envs\easy_investment\Lib\site-packages\openai\resources\chat\completions\completions.py", line 1147, in create
    return self._post(
           ^^^^^^^^^^^
  File "D:\Anaconda\envs\easy_investment\Lib\site-packages\openai\_base_client.py", line 1259, in post
    return cast(ResponseT, self.request(cast_to, opts, stream=stream, stream_cls=stream_cls))
                           ^^^^^^^^^^^^^^^^^^^^^^^^^^^^^^^^^^^^^^^^^^^^^^^^^^^^^^^^^^^^^^^^^
  File "D:\Anaconda\envs\easy_investment\Lib\site-packages\openai\_base_client.py", line 1000, in request
    raise APITimeoutError(request=request) from err
openai.APITimeoutError: Request timed out.

During handling of the above exception, another exception occurred:

Traceback (most recent call last):
  File "D:\program\AIreader\backend\main.py", line 620, in generate_review_questions
    review = llm_generate("question_generate", question_num=question_num,page_content=page_content)
             ^^^^^^^^^^^^^^^^^^^^^^^^^^^^^^^^^^^^^^^^^^^^^^^^^^^^^^^^^^^^^^^^^^^^^^^^^^^^^^^^^^^^^^
  File "D:\program\AIreader\backend\ulits.py", line 37, in llm_generate
    raise HTTPException(
fastapi.exceptions.HTTPException: 500: OpenAI error: Request timed out.
2025-10-01 22:43:44,404 - main - INFO - 开始处理 /api/review-questions 请求
2025-10-01 22:44:16,785 - openai._base_client - INFO - Retrying request to /chat/completions in 0.389332 seconds
2025-10-01 22:44:26,276 - httpx - INFO - HTTP Request: POST https://api.siliconflow.cn/v1/chat/completions "HTTP/1.1 200 OK"
2025-10-01 22:46:55,796 - openai._base_client - INFO - Retrying request to /chat/completions in 0.485379 seconds
2025-10-01 22:47:26,385 - openai._base_client - INFO - Retrying request to /chat/completions in 0.897853 seconds
2025-10-01 22:47:57,380 - main - ERROR - generate_review_questions错误: 500: OpenAI error: Request timed out.
Traceback (most recent call last):
  File "D:\Anaconda\envs\easy_investment\Lib\site-packages\httpx\_transports\default.py", line 101, in map_httpcore_exceptions
    yield
  File "D:\Anaconda\envs\easy_investment\Lib\site-packages\httpx\_transports\default.py", line 250, in handle_request
    resp = self._pool.handle_request(req)
           ^^^^^^^^^^^^^^^^^^^^^^^^^^^^^^
  File "D:\Anaconda\envs\easy_investment\Lib\site-packages\httpcore\_sync\connection_pool.py", line 256, in handle_request
    raise exc from None
  File "D:\Anaconda\envs\easy_investment\Lib\site-packages\httpcore\_sync\connection_pool.py", line 236, in handle_request
    response = connection.handle_request(
               ^^^^^^^^^^^^^^^^^^^^^^^^^^
  File "D:\Anaconda\envs\easy_investment\Lib\site-packages\httpcore\_sync\http_proxy.py", line 343, in handle_request
    return self._connection.handle_request(request)
           ^^^^^^^^^^^^^^^^^^^^^^^^^^^^^^^^^^^^^^^^
  File "D:\Anaconda\envs\easy_investment\Lib\site-packages\httpcore\_sync\http11.py", line 136, in handle_request
    raise exc
  File "D:\Anaconda\envs\easy_investment\Lib\site-packages\httpcore\_sync\http11.py", line 106, in handle_request
    ) = self._receive_response_headers(**kwargs)
        ^^^^^^^^^^^^^^^^^^^^^^^^^^^^^^^^^^^^^^^^
  File "D:\Anaconda\envs\easy_investment\Lib\site-packages\httpcore\_sync\http11.py", line 177, in _receive_response_headers
    event = self._receive_event(timeout=timeout)
            ^^^^^^^^^^^^^^^^^^^^^^^^^^^^^^^^^^^^
  File "D:\Anaconda\envs\easy_investment\Lib\site-packages\httpcore\_sync\http11.py", line 217, in _receive_event
    data = self._network_stream.read(
           ^^^^^^^^^^^^^^^^^^^^^^^^^^
  File "D:\Anaconda\envs\easy_investment\Lib\site-packages\httpcore\_backends\sync.py", line 126, in read
    with map_exceptions(exc_map):
         ^^^^^^^^^^^^^^^^^^^^^^^
  File "D:\Anaconda\envs\easy_investment\Lib\contextlib.py", line 158, in __exit__
    self.gen.throw(value)
  File "D:\Anaconda\envs\easy_investment\Lib\site-packages\httpcore\_exceptions.py", line 14, in map_exceptions
    raise to_exc(exc) from exc
httpcore.ReadTimeout: The read operation timed out

The above exception was the direct cause of the following exception:

Traceback (most recent call last):
  File "D:\Anaconda\envs\easy_investment\Lib\site-packages\openai\_base_client.py", line 982, in request
    response = self._client.send(
               ^^^^^^^^^^^^^^^^^^
  File "D:\Anaconda\envs\easy_investment\Lib\site-packages\httpx\_client.py", line 914, in send
    response = self._send_handling_auth(
               ^^^^^^^^^^^^^^^^^^^^^^^^^
  File "D:\Anaconda\envs\easy_investment\Lib\site-packages\httpx\_client.py", line 942, in _send_handling_auth
    response = self._send_handling_redirects(
               ^^^^^^^^^^^^^^^^^^^^^^^^^^^^^^
  File "D:\Anaconda\envs\easy_investment\Lib\site-packages\httpx\_client.py", line 979, in _send_handling_redirects
    response = self._send_single_request(request)
               ^^^^^^^^^^^^^^^^^^^^^^^^^^^^^^^^^^
  File "D:\Anaconda\envs\easy_investment\Lib\site-packages\httpx\_client.py", line 1014, in _send_single_request
    response = transport.handle_request(request)
               ^^^^^^^^^^^^^^^^^^^^^^^^^^^^^^^^^
  File "D:\Anaconda\envs\easy_investment\Lib\site-packages\httpx\_transports\default.py", line 249, in handle_request
    with map_httpcore_exceptions():
         ^^^^^^^^^^^^^^^^^^^^^^^^^
  File "D:\Anaconda\envs\easy_investment\Lib\contextlib.py", line 158, in __exit__
    self.gen.throw(value)
  File "D:\Anaconda\envs\easy_investment\Lib\site-packages\httpx\_transports\default.py", line 118, in map_httpcore_exceptions
    raise mapped_exc(message) from exc
httpx.ReadTimeout: The read operation timed out

The above exception was the direct cause of the following exception:

Traceback (most recent call last):
  File "D:\program\AIreader\backend\ulits.py", line 27, in llm_generate
    response = openai_client.chat.completions.create(
               ^^^^^^^^^^^^^^^^^^^^^^^^^^^^^^^^^^^^^^
  File "D:\Anaconda\envs\easy_investment\Lib\site-packages\openai\_utils\_utils.py", line 286, in wrapper
    return func(*args, **kwargs)
           ^^^^^^^^^^^^^^^^^^^^^
  File "D:\Anaconda\envs\easy_investment\Lib\site-packages\openai\resources\chat\completions\completions.py", line 1147, in create
    return self._post(
           ^^^^^^^^^^^
  File "D:\Anaconda\envs\easy_investment\Lib\site-packages\openai\_base_client.py", line 1259, in post
    return cast(ResponseT, self.request(cast_to, opts, stream=stream, stream_cls=stream_cls))
                           ^^^^^^^^^^^^^^^^^^^^^^^^^^^^^^^^^^^^^^^^^^^^^^^^^^^^^^^^^^^^^^^^^
  File "D:\Anaconda\envs\easy_investment\Lib\site-packages\openai\_base_client.py", line 1000, in request
    raise APITimeoutError(request=request) from err
openai.APITimeoutError: Request timed out.

During handling of the above exception, another exception occurred:

Traceback (most recent call last):
  File "D:\program\AIreader\backend\main.py", line 619, in generate_review_questions
    review = llm_generate("question_generate", question_num=question_num,page_content=page_content)
             ^^^^^^^^^^^^^^^^^^^^^^^^^^^^^^^^^^^^^^^^^^^^^^^^^^^^^^^^^^^^^^^^^^^^^^^^^^^^^^^^^^^^^^
  File "D:\program\AIreader\backend\ulits.py", line 37, in llm_generate
    raise HTTPException(
fastapi.exceptions.HTTPException: 500: OpenAI error: Request timed out.
2025-10-01 22:48:58,488 - openai._base_client - INFO - Retrying request to /chat/completions in 0.404830 seconds
2025-10-01 22:49:11,826 - httpx - INFO - HTTP Request: POST https://api.siliconflow.cn/v1/chat/completions "HTTP/1.1 200 OK"
2025-10-01 22:49:11,832 - main - INFO - [
  {
    "question": "根据麦肯锡的预测，未来五年全球在人工智能芯片、数据中心和能源上的资本支出将达到多少亿美元？",
    "answer": "5.2万亿美元",
    "explanation": "根据笔记内容，麦肯锡近期预测未来五年全球在人工智能芯片、数据中心和能源上的资本支出将达到5.2万亿美元。"
  },
  {
    "question": "地理位置方面，为什么一些新的数据中心选择建在偏远地区而非靠近需求中心或互联枢纽的地方？",
    "answer": "这解决了电力问题",
    "explanation": "出于电力问题的考虑，一些新的数据中心选择建在偏远地区而非靠近需求中心或互联枢纽的地方。"
  },
  {
    "question": "除了传统的房地产投资信托（REITs），新的融资来源还包括哪些？",
    "answer": "大型私人信贷机构和主权财富基金",
    "explanation": "根据笔记内容，新的融资来源包括大型私人信贷机构和主权财富基金，取代了传统的REITs。"
  },
  {
    "question": "Pankaj Sachdeva认为即使数据中心存在过剩产能，通过什么方式可以吸收这些过剩？",
    "answer": "通过运行而非训练大型语言模型（LLMs）",
    "explanation": "根据笔记内容，Pankaj Sachdeva认为即使数据中心存在过剩产能，通过运行而非训练大型语言模型（LLMs）也可以吸收这些过剩。"
  },
  {
    "question": "根据笔记内容，决定此次基础设施热潮是否会过剩的关键因素是什么？",
    "answer": "对生成式AI的需求强度",
    "explanation": "根据笔记内容，对生成式AI的需求强度是决定此次基础设施热潮是否会过剩的关键因素。"
  }
]
2025-10-01 22:49:11,836 - main - INFO - [{'question': '根据麦肯锡的预测，未来五年全球在人工智能芯片、数据中心和能源上的资本支出将达到多少亿美元？', 'answer': '5.2万亿美元', 'explanation': '根据笔记内容，麦肯锡近期预测未来五年全球在人工智能芯片、数据中心和能源上的资本支出将达到5.2万亿美元。'}, {'question': '地理位置方面，为什么一些新的数据中心选择建在偏远地区而非靠近需求中心或互联枢纽的地方？', 'answer': '这解决了电力问题', 'explanation': '出于电力问题的考虑，一些新的数据中心选择建在偏远地区而非靠近需求中心或互联枢纽的地方。'}, {'question': '除了传统的房地产投资信托（REITs），新的融资来源还包括哪些？', 'answer': '大型私人信贷机构和主权财富基金', 'explanation': '根据笔记内容，新的融资来源包括大型私人信贷机构和主权财富基金，取代了传统的REITs。'}, {'question': 'Pankaj Sachdeva认为即使数据中心存在过剩产能，通过什么方式可以吸收这些过剩？', 'answer': '通过运行而非训练大型语言模型（LLMs）', 'explanation': '根据笔记内容，Pankaj Sachdeva认为即使数据中心存在过剩产能，通过运行而非训练大型语言模型（LLMs）也可以吸收这些过剩。'}, {'question': '根据笔记内容，决定此次基础设施热潮是否会过剩的关键因素是什么？', 'answer': '对生成式AI的需求强度', 'explanation': '根据笔记内容，对生成式AI的需求强度是决定此次基础设施热潮是否会过剩的关键因素。'}]
2025-10-01 22:49:44,342 - openai._base_client - INFO - Retrying request to /chat/completions in 0.453273 seconds
2025-10-01 22:50:14,886 - openai._base_client - INFO - Retrying request to /chat/completions in 0.967133 seconds
2025-10-01 22:50:45,951 - main - ERROR - generate_review_questions错误: 500: OpenAI error: Request timed out.
Traceback (most recent call last):
  File "D:\Anaconda\envs\easy_investment\Lib\site-packages\httpx\_transports\default.py", line 101, in map_httpcore_exceptions
    yield
  File "D:\Anaconda\envs\easy_investment\Lib\site-packages\httpx\_transports\default.py", line 250, in handle_request
    resp = self._pool.handle_request(req)
           ^^^^^^^^^^^^^^^^^^^^^^^^^^^^^^
  File "D:\Anaconda\envs\easy_investment\Lib\site-packages\httpcore\_sync\connection_pool.py", line 256, in handle_request
    raise exc from None
  File "D:\Anaconda\envs\easy_investment\Lib\site-packages\httpcore\_sync\connection_pool.py", line 236, in handle_request
    response = connection.handle_request(
               ^^^^^^^^^^^^^^^^^^^^^^^^^^
  File "D:\Anaconda\envs\easy_investment\Lib\site-packages\httpcore\_sync\http_proxy.py", line 343, in handle_request
    return self._connection.handle_request(request)
           ^^^^^^^^^^^^^^^^^^^^^^^^^^^^^^^^^^^^^^^^
  File "D:\Anaconda\envs\easy_investment\Lib\site-packages\httpcore\_sync\http11.py", line 136, in handle_request
    raise exc
  File "D:\Anaconda\envs\easy_investment\Lib\site-packages\httpcore\_sync\http11.py", line 106, in handle_request
    ) = self._receive_response_headers(**kwargs)
        ^^^^^^^^^^^^^^^^^^^^^^^^^^^^^^^^^^^^^^^^
  File "D:\Anaconda\envs\easy_investment\Lib\site-packages\httpcore\_sync\http11.py", line 177, in _receive_response_headers
    event = self._receive_event(timeout=timeout)
            ^^^^^^^^^^^^^^^^^^^^^^^^^^^^^^^^^^^^
  File "D:\Anaconda\envs\easy_investment\Lib\site-packages\httpcore\_sync\http11.py", line 217, in _receive_event
    data = self._network_stream.read(
           ^^^^^^^^^^^^^^^^^^^^^^^^^^
  File "D:\Anaconda\envs\easy_investment\Lib\site-packages\httpcore\_backends\sync.py", line 126, in read
    with map_exceptions(exc_map):
         ^^^^^^^^^^^^^^^^^^^^^^^
  File "D:\Anaconda\envs\easy_investment\Lib\contextlib.py", line 158, in __exit__
    self.gen.throw(value)
  File "D:\Anaconda\envs\easy_investment\Lib\site-packages\httpcore\_exceptions.py", line 14, in map_exceptions
    raise to_exc(exc) from exc
httpcore.ReadTimeout: The read operation timed out

The above exception was the direct cause of the following exception:

Traceback (most recent call last):
  File "D:\Anaconda\envs\easy_investment\Lib\site-packages\openai\_base_client.py", line 982, in request
    response = self._client.send(
               ^^^^^^^^^^^^^^^^^^
  File "D:\Anaconda\envs\easy_investment\Lib\site-packages\httpx\_client.py", line 914, in send
    response = self._send_handling_auth(
               ^^^^^^^^^^^^^^^^^^^^^^^^^
  File "D:\Anaconda\envs\easy_investment\Lib\site-packages\httpx\_client.py", line 942, in _send_handling_auth
    response = self._send_handling_redirects(
               ^^^^^^^^^^^^^^^^^^^^^^^^^^^^^^
  File "D:\Anaconda\envs\easy_investment\Lib\site-packages\httpx\_client.py", line 979, in _send_handling_redirects
    response = self._send_single_request(request)
               ^^^^^^^^^^^^^^^^^^^^^^^^^^^^^^^^^^
  File "D:\Anaconda\envs\easy_investment\Lib\site-packages\httpx\_client.py", line 1014, in _send_single_request
    response = transport.handle_request(request)
               ^^^^^^^^^^^^^^^^^^^^^^^^^^^^^^^^^
  File "D:\Anaconda\envs\easy_investment\Lib\site-packages\httpx\_transports\default.py", line 249, in handle_request
    with map_httpcore_exceptions():
         ^^^^^^^^^^^^^^^^^^^^^^^^^
  File "D:\Anaconda\envs\easy_investment\Lib\contextlib.py", line 158, in __exit__
    self.gen.throw(value)
  File "D:\Anaconda\envs\easy_investment\Lib\site-packages\httpx\_transports\default.py", line 118, in map_httpcore_exceptions
    raise mapped_exc(message) from exc
httpx.ReadTimeout: The read operation timed out

The above exception was the direct cause of the following exception:

Traceback (most recent call last):
  File "D:\program\AIreader\backend\ulits.py", line 27, in llm_generate
    response = openai_client.chat.completions.create(
               ^^^^^^^^^^^^^^^^^^^^^^^^^^^^^^^^^^^^^^
  File "D:\Anaconda\envs\easy_investment\Lib\site-packages\openai\_utils\_utils.py", line 286, in wrapper
    return func(*args, **kwargs)
           ^^^^^^^^^^^^^^^^^^^^^
  File "D:\Anaconda\envs\easy_investment\Lib\site-packages\openai\resources\chat\completions\completions.py", line 1147, in create
    return self._post(
           ^^^^^^^^^^^
  File "D:\Anaconda\envs\easy_investment\Lib\site-packages\openai\_base_client.py", line 1259, in post
    return cast(ResponseT, self.request(cast_to, opts, stream=stream, stream_cls=stream_cls))
                           ^^^^^^^^^^^^^^^^^^^^^^^^^^^^^^^^^^^^^^^^^^^^^^^^^^^^^^^^^^^^^^^^^
  File "D:\Anaconda\envs\easy_investment\Lib\site-packages\openai\_base_client.py", line 1000, in request
    raise APITimeoutError(request=request) from err
openai.APITimeoutError: Request timed out.

During handling of the above exception, another exception occurred:

Traceback (most recent call last):
  File "D:\program\AIreader\backend\main.py", line 619, in generate_review_questions
    review = llm_generate("question_generate", question_num=question_num,page_content=page_content)
             ^^^^^^^^^^^^^^^^^^^^^^^^^^^^^^^^^^^^^^^^^^^^^^^^^^^^^^^^^^^^^^^^^^^^^^^^^^^^^^^^^^^^^^
  File "D:\program\AIreader\backend\ulits.py", line 37, in llm_generate
    raise HTTPException(
fastapi.exceptions.HTTPException: 500: OpenAI error: Request timed out.
2025-10-01 22:53:22,129 - httpx - INFO - HTTP Request: POST https://api.siliconflow.cn/v1/chat/completions "HTTP/1.1 200 OK"
2025-10-01 22:53:22,131 - main - INFO - [
  {
    "question": "麦肯锡预测未来五年全球在人工智能、数据中心和能源上的资本支出将达到多少金额？",
    "answer": "5.2万亿美元",
    "explanation": "根据笔记内容，麦肯锡预测未来五年全球在人工智能、数据中心和能源上的资本支出将达到5.2万亿美元。"
  },
  {
    "question": "哪些因素增加了数据中心建设的风险？",
    "answer": "地理位置、融资来源、信用质量",
    "explanation": "地理位置（新数据中心建在偏远地区）、融资来源（大型私人信贷机构和主权财富基金取代传统的房地产投资信托）和信用质量（一些参与建设的数据中心企业信用评级较低）都增加了风险。"
  },
  {
    "question": "为什么新的融资来源增加了违约风险？",
    "answer": "因为这些新的融资来源包括大型私人信贷机构和主权财富基金，它们不同于传统的房地产投资信托。",
    "explanation": "新的融资来源如大型私人信贷机构和主权财富基金取代传统的房地产投资信托，增加了违约风险。"
  },
  {
    "question": "保险公司和科技巨头提供了哪些工具以减轻数据中心建设的风险？",
    "answer": "多种融资和投资工具",
    "explanation": "保险公司和科技巨头（如英伟达）提供了多种融资和投资工具以减轻风险。"
  },
  {
    "question": "Pankaj Sachdeva认为数据中心过剩产能可以通过什么方式吸收？",
    "answer": "通过运行而非训练大型语言模型（LLMs）",
    "explanation": "Pankaj Sachdeva认为，即使数据中心存在过剩产能，通过运行而非训练大型语言模型（LLMs）也可以吸收这些过剩。"
  }
]
2025-10-01 22:53:22,133 - main - INFO - [{'question': '麦肯锡预测未来五年全球在人工智能、数据中心和能源上的资本支出将达到多少金额？', 'answer': '5.2万亿美元', 'explanation': '根据笔记内容，麦肯锡预测未来五年全球在人工智能、数据中心和能源上的资本支出将达到5.2万亿美元。'}, {'question': '哪些因素增加了数据中心建设的风险？', 'answer': '地理位置、融资来源、信用质量', 'explanation': '地理位置（新数据中心建在偏远地区）、融资来源（大型私人信贷机构和主权财富基金取代传统的房地产投资信托）和信用质量（一些参与建设的数据中心企业信用评级较低）都增加了风险。'}, {'question': '为什么新的融资来源增加了违约风险？', 'answer': '因为这些新的融资来源包括大型私人信贷机构和主权财富基金，它们不同于传统的房地产投资信托。', 'explanation': '新的融资来源如大型私人信贷机构和主权财富基金取代传统的房地产投资信托，增加了违约风险。'}, {'question': '保险公司和科技巨头提供了哪些工具以减轻数据中心建设的风险？', 'answer': '多种融资和投资工具', 'explanation': '保险公司和科技巨头（如英伟达）提供了多种融资和投资工具以减轻风险。'}, {'question': 'Pankaj Sachdeva认为数据中心过剩产能可以通过什么方式吸收？', 'answer': '通过运行而非训练大型语言模型（LLMs）', 'explanation': 'Pankaj Sachdeva认为，即使数据中心存在过剩产能，通过运行而非训练大型语言模型（LLMs）也可以吸收这些过剩。'}]
2025-10-02 19:24:12,956 - openai._base_client - INFO - Retrying request to /chat/completions in 0.461051 seconds
2025-10-02 19:24:26,947 - httpx - INFO - HTTP Request: POST https://api.siliconflow.cn/v1/chat/completions "HTTP/1.1 200 OK"
2025-10-02 19:30:45,504 - openai._base_client - INFO - Retrying request to /chat/completions in 0.414261 seconds
2025-10-02 19:30:56,964 - httpx - INFO - HTTP Request: POST https://api.siliconflow.cn/v1/chat/completions "HTTP/1.1 200 OK"
2025-10-02 19:33:19,249 - openai._base_client - INFO - Retrying request to /chat/completions in 0.455959 seconds
2025-10-02 19:33:29,788 - httpx - INFO - HTTP Request: POST https://api.siliconflow.cn/v1/chat/completions "HTTP/1.1 200 OK"
2025-10-02 19:36:19,172 - httpx - INFO - HTTP Request: POST https://api.siliconflow.cn/v1/chat/completions "HTTP/1.1 200 OK"
2025-10-02 19:41:38,582 - httpx - INFO - HTTP Request: POST https://api.siliconflow.cn/v1/chat/completions "HTTP/1.1 200 OK"
2025-10-02 19:46:53,314 - httpx - INFO - HTTP Request: POST https://api.siliconflow.cn/v1/chat/completions "HTTP/1.1 200 OK"
2025-10-02 19:50:04,083 - openai._base_client - INFO - Retrying request to /chat/completions in 0.480613 seconds
2025-10-02 19:50:34,672 - openai._base_client - INFO - Retrying request to /chat/completions in 0.948842 seconds
2025-10-02 19:50:59,506 - httpx - INFO - HTTP Request: POST https://api.siliconflow.cn/v1/chat/completions "HTTP/1.1 200 OK"
2025-10-02 19:53:55,894 - httpx - INFO - HTTP Request: POST https://api.siliconflow.cn/v1/chat/completions "HTTP/1.1 200 OK"
2025-10-02 19:54:28,842 - openai._base_client - INFO - Retrying request to /chat/completions in 0.455121 seconds
2025-10-02 19:54:42,787 - httpx - INFO - HTTP Request: POST https://api.siliconflow.cn/v1/chat/completions "HTTP/1.1 200 OK"
2025-10-02 19:55:12,164 - httpx - INFO - HTTP Request: POST https://api.siliconflow.cn/v1/chat/completions "HTTP/1.1 200 OK"
2025-10-02 19:57:53,632 - httpx - INFO - HTTP Request: POST https://api.siliconflow.cn/v1/chat/completions "HTTP/1.1 200 OK"
2025-10-02 20:00:08,988 - httpx - INFO - HTTP Request: POST https://api.siliconflow.cn/v1/chat/completions "HTTP/1.1 200 OK"
2025-10-02 20:05:08,442 - httpx - INFO - HTTP Request: POST https://api.siliconflow.cn/v1/chat/completions "HTTP/1.1 200 OK"
2025-10-02 20:07:05,555 - httpx - INFO - HTTP Request: POST https://api.siliconflow.cn/v1/chat/completions "HTTP/1.1 200 OK"
2025-10-02 20:08:23,341 - httpx - INFO - HTTP Request: POST https://api.siliconflow.cn/v1/chat/completions "HTTP/1.1 200 OK"
2025-10-02 20:09:37,092 - httpx - INFO - HTTP Request: POST https://api.siliconflow.cn/v1/chat/completions "HTTP/1.1 200 OK"
2025-10-02 20:10:54,522 - httpx - INFO - HTTP Request: POST https://api.siliconflow.cn/v1/chat/completions "HTTP/1.1 200 OK"
2025-10-02 20:17:26,993 - httpx - INFO - HTTP Request: POST https://api.siliconflow.cn/v1/chat/completions "HTTP/1.1 200 OK"
2025-10-02 20:17:46,041 - main - INFO - /api/analyze-answers处理
2025-10-02 20:18:13,090 - httpx - INFO - HTTP Request: POST https://api.siliconflow.cn/v1/chat/completions "HTTP/1.1 200 OK"
2025-10-02 20:53:26,320 - main - ERROR - analyze_answers错误: 'dialogue'
Traceback (most recent call last):
  File "D:\program\AIreader\backend\main.py", line 675, in dialogue
    dialogue = llm_generate("dialogue", user_print=user_print,page_content=page_content)
               ^^^^^^^^^^^^^^^^^^^^^^^^^^^^^^^^^^^^^^^^^^^^^^^^^^^^^^^^^^^^^^^^^^^^^^^^^
  File "D:\program\AIreader\backend\ulits.py", line 23, in llm_generate
    now_prompt=prompt_template[task]
               ~~~~~~~~~~~~~~~^^^^^^
KeyError: 'dialogue'
2025-10-02 20:54:22,645 - httpx - INFO - HTTP Request: POST https://api.siliconflow.cn/v1/chat/completions "HTTP/1.1 200 OK"
2025-10-02 20:54:36,011 - httpx - INFO - HTTP Request: POST https://api.siliconflow.cn/v1/chat/completions "HTTP/1.1 200 OK"
2025-10-02 21:03:24,030 - httpx - INFO - HTTP Request: POST https://api.siliconflow.cn/v1/chat/completions "HTTP/1.1 200 OK"
2025-10-02 21:04:34,137 - httpx - INFO - HTTP Request: POST https://api.siliconflow.cn/v1/chat/completions "HTTP/1.1 200 OK"
2025-10-02 21:12:48,086 - httpx - INFO - HTTP Request: POST https://api.siliconflow.cn/v1/chat/completions "HTTP/1.1 200 OK"
2025-10-02 21:42:49,118 - httpx - INFO - HTTP Request: POST https://api.siliconflow.cn/v1/chat/completions "HTTP/1.1 200 OK"
2025-10-02 21:43:40,085 - httpx - INFO - HTTP Request: POST https://api.siliconflow.cn/v1/chat/completions "HTTP/1.1 200 OK"
2025-10-02 21:53:16,417 - httpx - INFO - HTTP Request: POST https://api.siliconflow.cn/v1/chat/completions "HTTP/1.1 200 OK"
2025-10-02 21:59:26,966 - httpx - INFO - HTTP Request: POST https://api.siliconflow.cn/v1/chat/completions "HTTP/1.1 200 OK"
2025-10-03 16:16:30,679 - httpx - INFO - HTTP Request: POST https://api.siliconflow.cn/v1/chat/completions "HTTP/1.1 200 OK"
2025-10-03 16:19:35,299 - httpx - INFO - HTTP Request: POST https://api.siliconflow.cn/v1/chat/completions "HTTP/1.1 200 OK"
2025-10-03 16:59:24,881 - httpx - INFO - HTTP Request: POST https://api.siliconflow.cn/v1/chat/completions "HTTP/1.1 200 OK"
2025-10-03 17:03:18,533 - httpx - INFO - HTTP Request: POST https://api.siliconflow.cn/v1/chat/completions "HTTP/1.1 200 OK"
2025-10-03 17:11:47,463 - httpx - INFO - HTTP Request: POST https://api.siliconflow.cn/v1/chat/completions "HTTP/1.1 200 OK"
2025-10-03 17:18:53,143 - httpx - INFO - HTTP Request: POST https://api.siliconflow.cn/v1/chat/completions "HTTP/1.1 200 OK"
2025-10-03 17:19:56,815 - httpx - INFO - HTTP Request: POST https://api.siliconflow.cn/v1/chat/completions "HTTP/1.1 200 OK"
2025-10-03 17:20:10,626 - httpx - INFO - HTTP Request: POST https://api.siliconflow.cn/v1/chat/completions "HTTP/1.1 200 OK"
2025-10-03 17:23:16,105 - httpx - INFO - HTTP Request: POST https://api.siliconflow.cn/v1/chat/completions "HTTP/1.1 200 OK"
2025-10-03 17:24:17,533 - httpx - INFO - HTTP Request: POST https://api.siliconflow.cn/v1/chat/completions "HTTP/1.1 200 OK"
2025-10-03 17:25:48,310 - httpx - INFO - HTTP Request: POST https://api.siliconflow.cn/v1/chat/completions "HTTP/1.1 200 OK"
2025-10-03 17:26:21,262 - main - INFO - /api/analyze-answers处理
2025-10-03 17:26:39,136 - httpx - INFO - HTTP Request: POST https://api.siliconflow.cn/v1/chat/completions "HTTP/1.1 200 OK"
2025-10-03 17:27:04,058 - httpx - INFO - HTTP Request: POST https://api.siliconflow.cn/v1/chat/completions "HTTP/1.1 200 OK"
2025-10-03 17:43:25,374 - openai._base_client - INFO - Retrying request to /chat/completions in 0.444856 seconds
2025-10-03 17:43:50,219 - httpx - INFO - HTTP Request: POST https://api.siliconflow.cn/v1/chat/completions "HTTP/1.1 200 OK"
2025-10-04 17:31:19,867 - openai._base_client - INFO - Retrying request to /chat/completions in 0.488168 seconds
2025-10-04 17:31:43,341 - httpx - INFO - HTTP Request: POST https://api.siliconflow.cn/v1/chat/completions "HTTP/1.1 200 OK"
2025-10-04 17:31:43,347 - main - INFO - <!DOCTYPE html>
<html>
  <head>
    <title>全球经济-欧洲通胀与市场动态</title>
    <meta name="created" content="2025-10-15 14:30:00" />
  </head>
  <body>
    <h1>全球经济动态</h1>
    
    <h2>欧洲通胀加速</h2>
    <p>欧元区主要经济体9月通胀同比增速加快，德国达2.4%（ fastest since Feb 2023），法意西同步上涨，ECB或维持利率不变。</p>
    <h3>德国通胀</h3>
    <ul>
      <li>服务业成本推动通胀同比达2.4%</li>
      <li>为欧元区最高增速，创年内新高</li>
    </ul>
    
    <h3>瑞士通胀</h3>
    <ul>
      <li>9月核心通胀0.2%低于预期</li>
      <li>面临中美关税双重压力</li>
      <li>SNB或于12月降息至负区间</li>
    </ul>
    
    <h3>意大利财政调整</h3>
    <ul>
      <li>2025年预算 deficit控制在3%GDP</li>
      <li>有望退出欧盟过度赤字程序（EDP）</li>
    </ul>

    <hr/>

    <h2>北美洲市场</h2>
    <h3>美国经济指标</h3>
    <p>因政府停摆，9月非农数据缺失，但以下私立数据暗示招聘放缓：<br/>
      - ADP私营部门新增就业4.1万（环比-2.3%）<br/>
      - 员工流失率降至0.9%（近十年最低）<br/>
      - 平均时薪增速放缓至3.2%<br/>
    </p>
    
    <h3>加拿大林业关税风险</h3>
    <ul>
      <li>美国拟对软木林产品加征10%-25%关税</li>
      <li>2024年加拿大占据美国进口量67%的市场份额</li>
      <li>现有35.2%反补贴关税基础</li>
    </ul>

    <hr/>

    <h2>亚洲新兴经济体</h2>
    <h3>中国房地产市场</h3>
    <p>2025年9月全国商品房销售面积环比下降2.1%，为连续第8个月负增长，但同比增速收窄至-3.8%。</p>
    
    <h3>印度农业情况</h3>
    <ul>
      <li>2024季前雨季降雨量937.2mm（历史均值+8%）</li>
      <li>可能缓解稻米（+14%）、扁豆（+22%）等农产品价格压力</li>
    </ul>

    <hr/>

    <h2>全球市场观察</h2>
    <h3>黄金储备与货币政策</h3>
    <ul>
      <li>美国黄金储备突破1万亿美元（占全球35%）</li>
      <li>2025年1-9月主要央行利率变动：
        <ul>
          <li>Mozambique：降至历史最低</li>
          <li>埃及/多明尼加：同步降息</li>
          <li>印度/澳大利亚等维持基准利率</li>
        </ul>
      </li>
    </ul>

    <h3>墨西哥石油财政问题</h3>
    <ul>
      <li>2025年净财政缺口或达310亿美元（历史峰值）</li>
      <li>债务规模：1000亿美元（占GDP 4倍）</li>
    </ul>

    <hr/>

    <h3>核心结论</h3>
    <p>1. 欧洲通胀加速可能强化ECB维持利率政策</p>
    <p>2. 美国非农数据缺失导致市场依赖私立指标</p>
    <p>3. 墨西哥能源企业财政压力显著加剧</p>
    <p>4. 区域性货币政策分化（新兴市场降息 vs 欧央行持稳）</p>
  </body>
</html>
2025-10-04 17:32:50,017 - openai._base_client - INFO - Retrying request to /chat/completions in 0.446692 seconds
2025-10-04 17:33:04,439 - httpx - INFO - HTTP Request: POST https://api.siliconflow.cn/v1/chat/completions "HTTP/1.1 200 OK"
2025-10-04 17:48:02,603 - httpx - INFO - HTTP Request: POST https://api.siliconflow.cn/v1/chat/completions "HTTP/1.1 200 OK"
2025-10-04 17:48:02,614 - main - INFO - 
2025-10-04 17:49:38,966 - httpx - INFO - HTTP Request: POST https://api.siliconflow.cn/v1/chat/completions "HTTP/1.1 200 OK"
2025-10-04 17:49:38,980 - main - INFO - 
<h3>全球经济动态</h3>
<p>欧元区主要经济体9月通胀同比增速加快，德国达2.4%（最快自2023年2月），法意西同步上涨，ECB或维持利率不变。</p>
<ul>
  <li><strong>德国通胀</strong>：服务业成本推动同比达2.4%，创年内新高。</li>
  <li><strong>瑞士通胀</strong>：9月核心通胀0.2%（低于预期），面临中美关税压力，SNB或12月降息至负区间。</li>
  <li><strong>意大利财政调整</strong>：2025年预算控制赤字在3%GDP以内，有望退出欧盟过度赤字程序（EDP）。</li>
</ul>

<h3>北美洲市场</h3>
<p>美国经济指标因政府停摆，9月非农数据缺失，但私立数据暗示招聘放缓。</p>
<ul>
  <li><strong>ADP数据</strong>：私营部门新增就业4.1万（环比-2.3%）。</li>
  <li><strong>员工流失率</strong>：降至0.9%（近十年最低）。</li>
  <li><strong>平均时薪增速</strong>：放缓至3.2%。</li>
  <li><strong>加拿大林业关税风险</strong>：美国拟对软木林产品加征10%-25%关税，加拿大2024年占据美国进口量67%。</li>
</ul>

<h3>亚洲新兴经济体</h3>
<p>中国房地产市场2025年9月销售面积环比降2.1%，连续8个月负增长，同比收窄至-3.8%。</p>
<ul>
  <li><strong>中国房地产市场</strong>：2025年9月商品房销售面积环比下降2.1%，连续第8个月负增长，同比增速收窄至-3.8%。</li>
  <li><strong>印度农业</strong>：2024季前雨季降雨量937.2mm（历史均值+8%），可能缓解稻米（+14%）、扁豆（+22%）等农产品价格压力。</li>
</ul>

<h3>全球市场观察</h3>
<p>黄金储备与货币政策：美国黄金储备突破1万亿美元（占全球35%），2025年1-9月主要央行利率变动包括Mozambique降至历史最低、埃及/多明尼加同步降息、印度/澳大利亚维持基准利率。</p>
<p>墨西哥石油财政问题：2025年净财政缺口或达310亿美元（历史峰值），债务规模1000亿美元（占GDP 4倍）。</p>

<h3>核心结论</h3>
<ul>
  <li><strong>欧洲通胀加速</strong>强化ECB维持利率政策意向。</li>
  <li><strong>美国非农数据缺失</strong>引发市场依赖ADP等私立指标。</li>
  <li><strong>墨西哥能源财政压力</strong>显著加剧，债务/GDP达4倍。</li>
  <li><strong>货币政策分化</strong>：新兴市场降息（如印度/澳大利亚维持基准利率）与欧洲央行持稳形成对比。</li>
</ul>
2025-10-04 17:49:38,981 - main - INFO - 
2025-10-04 17:53:18,275 - httpx - INFO - HTTP Request: POST https://api.siliconflow.cn/v1/chat/completions "HTTP/1.1 200 OK"
2025-10-04 17:53:18,282 - main - INFO - 
<h3>全球经济动态</h3>
<p>欧元区主要经济体9月通胀同比增速加快，德国达2.4%（最快自2023年2月），法意西同步上涨，ECB或维持利率不变。</p>

<h3>欧洲通胀与市场动态</h3>
<ul>
  <li>德国服务业成本推动通胀同比达2.4%（年内新高）</li>
  <li>法国/意大利/西班牙同步通胀上涨</li>
</ul>
<p>ECB可能延续利率维稳政策。</p>

<h3>瑞士通胀</h3>
<p>9月核心通胀0.2%（低于预期）</p>
<ul>
  <li>面临中美关税双重压力</li>
  <li>SNB或于12月降息至负区间</li>
</ul>

<h3>意大利财政调整</h3>
<p>2025年预算deficit控制在3%GDP</p>
<ul>
  <li>有望退出欧盟过度赤字程序（EDP）</li>
</ul>

<h3>北美洲市场</h3>
<p>美国非农数据缺失（政府停摆影响），但私立数据暗示招聘放缓：</p>
<ul>
  <li>ADP私营部门新增就业4.1万（环比-2.3%）</li>
  <li>员工流失率降至0.9%（近十年最低）</li>
  <li>平均时薪增速放缓至3.2%</li>
</ul>
<p>加拿大林业关税风险：美国拟对软木林产品加征10%-25%关税，2024年加拿大占美国进口量67%。</p>

<h3>亚洲新兴经济体</h3>
<h4>中国房地产市场</h4>
<p>2025年9月全国商品房销售面积环比下降2.1%（连续8个月负增长），同比增速收窄至-3.8%。</p>

<h4>印度农业情况</h4>
<p>2024季前雨季降雨量937.2mm（历史均值+8%）</p>
<ul>
  <li>可能缓解稻米(+14%)、扁豆(+22%)等农产品价格压力</li>
</ul>

<h3>全球市场观察</h3>
<h4>黄金储备与货币政策</h4>
<p>美国黄金储备突破1万亿美元（占全球35%）</p>
<ul>
  <li>2025年1-9月主要央行利率变动：</li>
  <li>Mozambique降至历史最低</li>
  <li>埃及/多明尼加同步降息</li>
  <li>印度/澳大利亚维持基准利率</li>
</ul>

<h4>墨西哥石油财政问题</h4>
<p>2025年净财政缺口或达310亿美元（历史峰值）</p>
<ul>
  <li>债务规模1000亿美元（占GDP 4倍）</li>
</ul>

<h3>核心结论</h3>
<ul>
  <li>欧洲通胀加速强化ECB维持利率政策</li>
  <li>美国非农数据缺失导致市场依赖私立指标</li>
  <li>墨西哥能源企业财政压力显著加剧</li>
  <li>区域性货币政策分化（新兴市场降息 vs 欧央行持稳）</li>
</ul>
2025-10-04 17:53:54,973 - httpx - INFO - HTTP Request: POST https://api.siliconflow.cn/v1/chat/completions "HTTP/1.1 200 OK"
2025-10-04 17:54:07,290 - main - INFO - /api/analyze-answers处理
2025-10-04 17:54:24,743 - httpx - INFO - HTTP Request: POST https://api.siliconflow.cn/v1/chat/completions "HTTP/1.1 200 OK"
2025-10-04 17:58:45,102 - httpx - INFO - HTTP Request: POST https://api.siliconflow.cn/v1/chat/completions "HTTP/1.1 200 OK"
2025-10-04 17:59:52,099 - main - INFO - /api/analyze-answers处理
2025-10-04 18:00:25,304 - openai._base_client - INFO - Retrying request to /chat/completions in 0.383013 seconds
2025-10-04 18:00:45,567 - httpx - INFO - HTTP Request: POST https://api.siliconflow.cn/v1/chat/completions "HTTP/1.1 200 OK"
2025-10-04 18:10:12,364 - openai._base_client - INFO - Retrying request to /chat/completions in 0.483218 seconds
2025-10-04 18:10:34,054 - httpx - INFO - HTTP Request: POST https://api.siliconflow.cn/v1/chat/completions "HTTP/1.1 200 OK"
2025-10-04 18:14:01,486 - openai._base_client - INFO - Retrying request to /chat/completions in 0.402404 seconds
2025-10-04 18:14:31,994 - openai._base_client - INFO - Retrying request to /chat/completions in 0.813684 seconds
2025-10-04 18:18:01,517 - openai._base_client - INFO - Retrying request to /chat/completions in 0.440741 seconds
2025-10-04 18:18:32,079 - openai._base_client - INFO - Retrying request to /chat/completions in 0.970440 seconds
2025-10-04 18:20:50,396 - main - INFO - 全球经济-欧洲通胀与市场动态

全球经济动态
欧洲通胀加速
欧元区主要经济体9月通胀同比增速加快，德国达2.4%（最快自2023年2月以来），法意西同步上涨，ECB或维持利率不变。
德国通胀
服务业成本推动通胀同比达2.4%，为欧元区最高增速，创年内新高。
瑞士通胀
9月核心通胀0.2%低于预期，面临中美关税双重压力，SNB或于12月降息至负区间。
意大利财政调整
2025年预算将deficit控制在3%GDP，有望退出欧盟过度赤字程序（EDP）。
北美洲市场
美国经济指标：因政府停摆，9月非农数据缺失，但以下私立数据暗示招聘放缓：

ADP私营部门新增就业4.1万（环比-2.3%）
员工流失率降至0.9%（近十年最低）
平均时薪增速放缓至3.2%

加拿大林业关税风险：美国拟对软木林产品加征10%-25%关税，2024年加拿大占据美国进口量67%。
亚洲新兴经济体
中国房地产市场：2025年9月全国商品房销售面积环比下降2.1%，连续8个月负增长，同比增速收窄至-3.8%。
印度农业情况：2024季前雨季降雨量937.2mm（历史均值+8%），可能缓解稻米（+14%）、扁豆（+22%）等农产品价格压力。
全球市场观察
黄金储备与货币政策：美国黄金储备突破1万亿美元（占全球35%），2025年1-9月主要央行利率变动：Mozambique降至历史最低，埃及/多明尼加同步降息，印度/澳大利亚维持基准利率。
墨西哥石油财政问题：2025年净财政缺口或达310亿美元（历史峰值），债务规模1000亿美元（占GDP 4倍）。
核心结论

欧洲通胀加速可能强化ECB维持利率政策
美国非农数据缺失导致市场依赖私立指标
墨西哥能源企业财政压力显著加剧
区域性货币政策分化（新兴市场降息 vs 欧央行持稳）

一、新旧内容关联性分析 1. 原有内容与新内容的联系： - 无新增具体内容（新内容字段为None） - 原笔记已涵盖全球主要经济体的最新数据（至2025年9月） 2. 差异与补充： - 原笔记存在数据时间断层（部分指标标注2025年但无具体月份） - 新增内容若存在将可能涉及： - 瑞士央行利率决议的落地影响 - 加拿大软木关税的实际执行情况 - 印度雨季对具体农产品价格的影响机制 3. 冲突检测： - 原笔记中美国非农数据缺失与核心结论第2点存在逻辑自洽 - 墨西哥财政缺口数据与核心结论第3点形成对应 二、知识结构优化建议 1. 增加数据时效性标注： 
2025年9月全国商品房销售面积...（建议标注数据采集时点）
2. 补充区域对比维度： 
区域政策分化指数

区域
政策方向
关键指标

欧元区
紧缩
通胀2.4% vs 历史均值1.8%

新兴市场
宽松
平均降息幅度0.75pp

3. 增加风险联动分析： 
能源价格波动（墨西哥）与农产品价格（印度）存在传导通道：国际油价上涨→运输成本增加→农产品出口国财政压力→汇率波动→资本流动变化
2025-10-04 18:21:20,863 - openai._base_client - INFO - Retrying request to /chat/completions in 0.498943 seconds
2025-10-04 18:21:51,457 - openai._base_client - INFO - Retrying request to /chat/completions in 0.982756 seconds
2025-10-04 18:25:59,523 - main - INFO - 芯片行业动态与政策分析

芯片行业突破传闻与市场反应
上海微电子设备公司（SMEE）EUV光刻机传闻引发股价异动：

SMEE展台未展示EUV设备（仅110nm设备）
关联企业上海张江高科技园区发展股2日连涨10%熔断
误传源：社交媒体对技术文档的误读
市场影响：全球投资者重新关注中国半导体（AI热潮叠加）
技术差距：ASML EUV设备尚未进入中国，技术代差约3nm

中国在铁矿石市场的战略布局
青岛港铁矿石调控案例

中国矿物资源集团（CMRG）暂停BHP供货
政策目标：重构全球铁矿石贸易规则
历史先例：2020年施压美国放宽稀土出口
经济背景：国内钢铁需求放缓+新几内亚Simandou mine投产

市场影响分析

BHP面临单一最大客户风险（中国占全球铁矿石消费68%）
中国钢企利润率改善空间达30%-50%{(数据需核实)}
可能复制稀土、大豆等领域的战略威慑

教育政策与就业市场关联
张雪峰事件深度解析

服务内容：高考志愿填报指导（单次咨询15,000元）
争议事件：

被抖音/小红书平台限流（无明确违规说明）
微博言论引发两极评价（捐赠50亿承诺遭官方批评）

政策评价体系：

Nanfang Media观点：基础研究人才缺口危机
官方定位：工程应用型与基础科研的平衡难题

就业市场现实困境
结构性矛盾：

华为910C芯片集群性能追赶NVIDIA（数据需补充）
ASML证实中国仍需10-20年突破7nm以下制程
2023年高校毕业生达1158万（官方最新数据）

就业选择逻辑：

务实派：选择就业率高的工科专业
理想派：坚持基础学科研究（占比约12%）{(数据需核实)}
中间地带：跨学科培养（如人工智能+材料科学）

核心结论：

技术突破需要产业链协同（EUV案例）
资源战略正在从被动防御转向主动建构
教育政策需平衡市场需求与长期创新
2025-10-04 18:25:59,534 - main - ERROR - None
2025-10-04 18:27:30,402 - main - INFO - 全球经济-欧洲通胀与市场动态

全球经济动态
欧洲通胀加速
欧元区主要经济体9月通胀同比增速加快，德国达2.4%（最快自2023年2月以来），法意西同步上涨，ECB或维持利率不变。
德国通胀
服务业成本推动通胀同比达2.4%，为欧元区最高增速，创年内新高。
瑞士通胀
9月核心通胀0.2%低于预期，面临中美关税双重压力，SNB或于12月降息至负区间。
意大利财政调整
2025年预算将deficit控制在3%GDP，有望退出欧盟过度赤字程序（EDP）。
北美洲市场
美国经济指标：因政府停摆，9月非农数据缺失，但以下私立数据暗示招聘放缓：

ADP私营部门新增就业4.1万（环比-2.3%）
员工流失率降至0.9%（近十年最低）
平均时薪增速放缓至3.2%

加拿大林业关税风险：美国拟对软木林产品加征10%-25%关税，2024年加拿大占据美国进口量67%。
亚洲新兴经济体
中国房地产市场：2025年9月全国商品房销售面积环比下降2.1%，连续8个月负增长，同比增速收窄至-3.8%。
印度农业情况：2024季前雨季降雨量937.2mm（历史均值+8%），可能缓解稻米（+14%）、扁豆（+22%）等农产品价格压力。
全球市场观察
黄金储备与货币政策：美国黄金储备突破1万亿美元（占全球35%），2025年1-9月主要央行利率变动：Mozambique降至历史最低，埃及/多明尼加同步降息，印度/澳大利亚维持基准利率。
墨西哥石油财政问题：2025年净财政缺口或达310亿美元（历史峰值），债务规模1000亿美元（占GDP 4倍）。
核心结论

欧洲通胀加速可能强化ECB维持利率政策
美国非农数据缺失导致市场依赖私立指标
墨西哥能源企业财政压力显著加剧
区域性货币政策分化（新兴市场降息 vs 欧央行持稳）

一、新旧内容关联性分析 1. 原有内容与新内容的联系： - 无新增具体内容（新内容字段为None） - 原笔记已涵盖全球主要经济体的最新数据（至2025年9月） 2. 差异与补充： - 原笔记存在数据时间断层（部分指标标注2025年但无具体月份） - 新增内容若存在将可能涉及： - 瑞士央行利率决议的落地影响 - 加拿大软木关税的实际执行情况 - 印度雨季对具体农产品价格的影响机制 3. 冲突检测： - 原笔记中美国非农数据缺失与核心结论第2点存在逻辑自洽 - 墨西哥财政缺口数据与核心结论第3点形成对应 二、知识结构优化建议 1. 增加数据时效性标注： 
2025年9月全国商品房销售面积...（建议标注数据采集时点）
2. 补充区域对比维度： 
区域政策分化指数

区域
政策方向
关键指标

欧元区
紧缩
通胀2.4% vs 历史均值1.8%

新兴市场
宽松
平均降息幅度0.75pp

3. 增加风险联动分析： 
能源价格波动（墨西哥）与农产品价格（印度）存在传导通道：国际油价上涨→运输成本增加→农产品出口国财政压力→汇率波动→资本流动变化
2025-10-04 18:27:30,409 - main - ERROR - None
2025-10-04 18:29:47,881 - main - INFO - 芯片行业动态与政策分析

芯片行业突破传闻与市场反应
上海微电子设备公司（SMEE）EUV光刻机传闻引发股价异动：

SMEE展台未展示EUV设备（仅110nm设备）
关联企业上海张江高科技园区发展股2日连涨10%熔断
误传源：社交媒体对技术文档的误读
市场影响：全球投资者重新关注中国半导体（AI热潮叠加）
技术差距：ASML EUV设备尚未进入中国，技术代差约3nm

中国在铁矿石市场的战略布局
青岛港铁矿石调控案例

中国矿物资源集团（CMRG）暂停BHP供货
政策目标：重构全球铁矿石贸易规则
历史先例：2020年施压美国放宽稀土出口
经济背景：国内钢铁需求放缓+新几内亚Simandou mine投产

市场影响分析

BHP面临单一最大客户风险（中国占全球铁矿石消费68%）
中国钢企利润率改善空间达30%-50%{(数据需核实)}
可能复制稀土、大豆等领域的战略威慑

教育政策与就业市场关联
张雪峰事件深度解析

服务内容：高考志愿填报指导（单次咨询15,000元）
争议事件：

被抖音/小红书平台限流（无明确违规说明）
微博言论引发两极评价（捐赠50亿承诺遭官方批评）

政策评价体系：

Nanfang Media观点：基础研究人才缺口危机
官方定位：工程应用型与基础科研的平衡难题

就业市场现实困境
结构性矛盾：

华为910C芯片集群性能追赶NVIDIA（数据需补充）
ASML证实中国仍需10-20年突破7nm以下制程
2023年高校毕业生达1158万（官方最新数据）

就业选择逻辑：

务实派：选择就业率高的工科专业
理想派：坚持基础学科研究（占比约12%）{(数据需核实)}
中间地带：跨学科培养（如人工智能+材料科学）

核心结论：

技术突破需要产业链协同（EUV案例）
资源战略正在从被动防御转向主动建构
教育政策需平衡市场需求与长期创新
2025-10-04 18:30:17,624 - httpx - INFO - HTTP Request: POST https://api.siliconflow.cn/v1/chat/completions "HTTP/1.1 200 OK"
2025-10-04 18:30:17,631 - main - INFO - 
```html
<!DOCTYPE html>
<html>
  <head>
    <title>芯片与资源战略分析笔记</title>
    <meta name="created" content="2025-10-20" />
  </head>
  <body>
    <section>
      <h1>整合后的笔记内容</h1>
      <div>
        <!-- 保留原有笔记 -->
        <h2>芯片行业突破传闻与市场反应</h2>
        <p>上海微电子设备公司（SMEE）EUV光刻机传闻引发股价异动：展台未展示EUV设备（仅110nm设备），关联企业上海张江高科技园区发展股2日连涨10%熔断，误传源为社交媒体对技术文档的误读。市场影响是全球投资者重新关注中国半导体（AI热潮叠加），技术差距为ASML EUV设备尚未进入中国，技术代差约3nm。</p>
        
        <h2>中国在铁矿石市场的战略布局</h2>
        <p>青岛港铁矿石调控案例：中国矿物资源集团（CMRG）暂停BHP供货，政策目标重构全球铁矿石贸易规则。历史先例2020年施压美国放宽稀土出口，经济背景为国内钢铁需求放缓+新几内亚Simandou mine投产。市场影响分析：BHP面临单一最大客户风险（中国占全球铁矿石消费68%），中国钢企利润率改善空间达30%-50%{(数据需核实)}，可能复制稀土、大豆等领域的战略威慑。</p>
        
        <h2>教育政策与就业市场关联</h2>
        <p>张雪峰事件深度解析：服务内容为高考志愿填报指导（单次咨询15,000元），争议事件包括被抖音/小红书平台限流（无明确违规说明）及微博言论引发两极评价（捐赠50亿承诺遭官方批评）。政策评价体系：Nanfang Media观点认为基础研究人才缺口危机，官方定位为平衡工程应用与基础科研。就业市场困境呈现结构性矛盾：华为910C芯片性能追赶NVIDIA（数据需补充），ASML确认中国突破7nm仍需10-20年，2023年高校毕业生达1158万（官方数据）。就业选择逻辑：务实派倾向高就业率工科，理想派坚持基础学科（占比约12%），中间地带为人工智能+材料科学等跨学科培养。</p>
      </div>

      <hr />

      <div>
        <!-- 新增内容 -->
        <h2>欧元区通胀动态对全球产业链的影响</h2>
        <p>2025年8月欧元区CPI通胀率为2.0%，略低于预期2.1%，能源成本下降幅度超出预期（-2.0% vs 上月-2.4%）。核心通胀率稳定在2.3%创2022年1月以来新低，服务业通胀率降至3.1%，食品通胀率微升至5.5%。2025年9月数据显示通胀率连续第三个月达标2%，其中能源价格下降放缓（-1.9% vs上月-2.4%），食品通胀微降至3.3%。</p>
        
        <h3>关键数据关联</h3>
        <ul>
          <li>能源价格波动（-2.0%至-1.9%）可能影响全球供应链成本</li>
          <li>核心通胀率稳定反映欧洲央行货币政策延续性</li>
          <li>服务业通胀率持续走低或抑制欧洲AI芯片需求</li>
        </ul>
      </div>
    </section>

    <section>
      <h2>新旧知识关联分析与补充说明</h2>
      <p><strong>技术领域关联</strong>：欧元区通胀数据可解释华为芯片突破对欧洲市场的影响。9月通胀率达标强化欧央行货币政策稳定预期（与我国芯片研发周期形成对比），服务业通胀放缓可能降低欧洲云计算设备采购预算，间接影响中国半导体出口策略。</p>
      
      <p><strong>资源战略映射</strong>：欧洲能源价格降幅收窄（由-2.4%降至-1.9%）可能倒逼中国在铁矿石供应链中采取更主动调控，青岛港暂停BHP供货的案例或形成国际能源定价权对抗的新模式，需关注欧盟碳关税政策与我国资源布局的联动效应。</p>
      
      <p><strong>教育政策启示</strong>：欧元区核心通胀率降至2.3%（2025年9月数据），为近三年最低值，显示欧洲基础科研投入可能趋于稳定。中国需在人工智能（芯片）等战略领域与欧洲基础研究形成差异化互补，避免人才培养结构重复（当前理想派占比12% vs 欧洲科研投入占比）。</p>
      
      <p><strong>数据冲突与解决方案</strong>：
        - 矛盾点：原有笔记中2023年高校毕业生1158万数据与新增2025年通胀数据的时间维度不匹配
        - 解决方案：建议标注"2023年数据需更新"，并补充2025年毕业生预测数据（如参照欧盟人口结构变化推算）
        - 矛盾点：芯片技术差距3nm vs ASML预测10-20年突破7nm的时间线
        - 解决方案：增加技术代差换算说明（1nm≈18个月研发周期），强调中国半导体产业链需同步攻克设备、材料、设计三环节</p>
    </section>
  </body>
</html>
```
2025-10-04 18:30:20,516 - main - ERROR - None
2025-10-04 18:35:14,489 - openai._base_client - INFO - Retrying request to /chat/completions in 0.446377 seconds
2025-10-04 18:35:43,219 - httpx - INFO - HTTP Request: POST https://api.siliconflow.cn/v1/chat/completions "HTTP/1.1 200 OK"
2025-10-04 18:35:47,166 - main - ERROR - None
2025-10-04 18:49:25,883 - httpx - INFO - HTTP Request: POST https://api.siliconflow.cn/v1/chat/completions "HTTP/1.1 200 OK"
2025-10-04 18:49:26,975 - main - ERROR - None
2025-10-04 18:51:48,197 - httpx - INFO - HTTP Request: POST https://api.siliconflow.cn/v1/chat/completions "HTTP/1.1 200 OK"
2025-10-04 18:51:49,367 - main - ERROR - None
2025-10-04 18:53:41,985 - httpx - INFO - HTTP Request: POST https://api.siliconflow.cn/v1/chat/completions "HTTP/1.1 200 OK"
2025-10-04 18:53:41,993 - main - INFO - <body>
  <section>
    <h1>整合后的全球经济动态笔记</h1>
    <div>
      <!-- 保留原有笔记 -->
      <h2>欧洲通胀与市场动态</h2>
      <p>欧元区主要经济体9月通胀同比增速加快，德国达2.4%（最快自2023年2月以来），法意西同步上涨，ECB或维持利率不变。</p>
    </div>

    <hr />

    <div>
      <!-- 新增内容 -->
      <h2>2025年8-9月通胀动态深化</h2>
      
      <h3>区域市场对比</h3>
      <table>
        <tr>
          <th>区域</th>
          <th>政策方向</th>
          <th>关键指标变化</th>
        </tr>
        <tr>
          <td>欧元区</td>
          <td>紧缩</td>
          <td>核心通胀2.3%（历史低位） | 非能源工业品0.8%持续低迷</td>
        </tr>
        <tr>
          <td>新兴市场</td>
          <td>宽松</td>
          <td>印度降息0.75pp | 埃及/多明尼加同步降息</td>
        </tr>
      </table>

      <h3>风险传导机制</h3>
      <ul>
        <li>能源价格波动 → 运输成本 → 农产品出口国财政压力 → 汇率波动 → 资本流动变化</li>
        <li>墨西哥石油财政缺口达310亿美元（GDP 4倍）</li>
        <li>印度雨季降雨937.2mm（+8%）缓解稻米+14%价格压力</li>
      </ul>

      <h3>欧元区通胀结构化分析</h3>
      <div>
        <h4>2025年9月修正数据</h4>
        <ul>
          <li>CPI同比2.0%连续第三个月达标</li>
          <li>能源价格环比降2.0%（幅度收窄反映供给瓶颈）</li>
          <li>食品通胀维持5.5%（黑海协议失效推高运输成本）</li>
          <li>服务业通胀降至3.1%（需求端疲软）</li>
          <li>核心通胀2.3%（2022年1月以来最低）</li>
        </ul>
      </div>

      <h3>瑞士特殊案例</h3>
      <div>
        <h4>通胀数据与政策响应</h4>
        <ul>
          <li>2025年9月核心通胀0.2%（预期0.3%）创历史新低</li>
          <li>SNB降息至-0.25%（原笔记未提具体目标）</li>
          <li>关税影响滞后性：中美10%加征关税政策与实际降息存在传导时滞</li>
        </ul>
      </div>
    </div>
  </section>

  <hr />

  <section>
    <h2>新旧知识关联分析与补充说明</h2>
    <p>1. 数据时序补充：
       - 原笔记"2025年9月通胀"需明确为修正值（8月数据→9月修正）
       - 新增8月核心通胀2.3%（历史低位）与9月修正值2.0%形成对比
       - 需标注：9月修正数据包含供应链调整后的修正项</p>

    <p>2. 结构化升级：
       - 原笼统描述"通胀加速"新增四维分析：
         <ul>
           <li>能源（供给端瓶颈）</li>
           <li>食品（贸易阻塞）</li>
           <li>服务业（需求弱化）</li>
           <li>非能源工业品（投资停滞）</li>
         </ul>
       - 新增SWAT模型分析框架（能源→运输→食品→货币）
       - 增加国家维度对比（墨西哥/印度/瑞士案例）</p>

    <p>3. 矛盾点解析：
       <h4>瑞士通胀数据冲突</h4>
       <ul>
         <li>原笔记：中美关税传导压力</li>
         <li>新增数据：核心通胀0.2%（低于预期0.3%）</li>
         <li>补充说明：
           - 关税传导存在12-18个月滞后（据IMF 2023模型）
           - 新增货币宽松力度（-0.25pp）与关税影响形成对冲
           - 需补充执行进度数据（当前关税落地率仅37%）</ul>
       </p>

    <p>4. 关键差异与补充：
       <ul>
         <li>能源价格分析维度深化：
           <ul>
             <li>环比降幅收窄（反映管道限制）</li>
             <li>同比降幅收窄（反映供应链成本）</li>
           </ul>
         </li>
         <li>新增政策传导时间轴：
           <ul>
             <li>8月数据（9月发布）反映前序月冲击</li>
             <li>9月修正值（10月发布）包含供应链调整</li>
           </ul>
         </li>
       </ul>
    </p>
  </section>
</body>
2025-10-04 18:53:46,714 - main - ERROR - None
2025-10-04 18:56:09,279 - openai._base_client - INFO - Retrying request to /chat/completions in 0.448535 seconds
2025-10-04 18:56:39,786 - openai._base_client - INFO - Retrying request to /chat/completions in 0.804893 seconds
2025-10-04 18:57:06,708 - httpx - INFO - HTTP Request: POST https://api.siliconflow.cn/v1/chat/completions "HTTP/1.1 200 OK"
2025-10-04 18:57:06,713 - main - INFO - <body>
  <section>
    <h1>整合后的全球经济动态笔记（欧洲通胀与市场动态）</h1>
    <div>
      <!-- 原有笔记内容完整保留 -->
      欧洲通胀与市场动态
      欧元区主要经济体9月通胀同比增速加快，德国达2.4%（最快自2023年2月以来），法意西同步上涨，ECB或维持利率不变。

      2025年8-9月通胀动态深化
      区域市场对比

      区域 | 政策方向 | 关键指标变化
      ---|---|---
      欧元区 | 紧缩 | 核心通胀2.3%（历史低位） | 非能源工业品0.8%持续低迷

      新增内容整合：
      <h2>区域市场对比升级</h2>
      <div>
        新增SWAT模型分析框架（能源→运输→食品→货币）<br>
        补充墨西哥财政缺口（310亿美元/GDP4倍）与印度雨季数据（降雨+8%→稻米+14%）的联动分析<br>
        新增政策传导时间轴：8月数据反映前序月冲击，9月修正值包含供应链调整
      </div>

      <div>
        <h2>欧元区通胀结构化分析</h2>
        <p>2025年9月修正数据</p>
        <div>
          <!-- 原有结构保留 -->
          核心通胀2.3%（2022年1月以来最低）
          <h3>细分维度升级</h3>
          <ul>
            <li>能源价格：环比降幅收窄（-2.0% vs 上月-2.4%）反映管道限制</li>
            <li>食品通胀：黑海协议失效推高运输成本（5.5% vs 5.4%）</li>
            <li>服务业：需求疲软（3.1% vs 3.2%）</li>
            <li>非能源工业品：投资停滞（0.8%持续低位）</li>
          </ul>
        </div>
      </div>

      <div>
        <h2>瑞士特殊案例分析</h2>
        <p>新增货币宽松力度与关税传导时滞分析</p>
        <div>
          <h3>通胀数据冲突解析</h3>
          <ul>
            <li>核心通胀0.2%（预期0.3%）</li>
            <li>SNB降息至-0.25%（原笔记未提具体目标）</li>
            <li>关税影响滞后性（中美10%加征关税实际降息存在12-18个月传导时滞）</li>
          </ul>
          <p>需补充的执行进度数据：当前关税落地率仅37% </p>
        </div>
      </div>
    </div>

    <hr />

    <div>
      <h2>新旧知识关联分析与补充说明</h2>
      <div>
        <h3>数据时序补充</h3>
        <ul>
          <li>原笔记"2025年9月通胀"需明确为修正值（8月数据→9月修正）</li>
          <li>新增8月核心通胀2.3%（历史低位）与9月修正值2.0%对比</li>
          <li>标注9月修正数据包含供应链调整后的修正项</li>
        </ul>

        <h3>结构化升级</h3>
        <ul>
          <li>原笼统描述"通胀加速"新增四维分析：能源（供给端瓶颈）、食品（贸易阻塞）、服务业（需求弱化）、非能源工业品（投资停滞）</li>
          <li>新增SWAT模型分析框架（能源→运输→食品→货币）</li>
          <li>增加国家维度对比（墨西哥/印度/瑞士案例）</li>
        </ul>

        <h3>矛盾点解析</h3>
        <ul>
          <li>瑞士通胀数据（0.2%）与货币宽松（-0.25pp）的对称性验证</li>
          <li>关税落地率37%与货币宽松政策的协同效应分析</li>
          <li>需补充的执行进度数据（关税落地率）与政策传导模型（SWAT）的匹配关系</li>
        </ul>

        <h3>关键差异与补充</h3>
        <div>
          <h4>能源价格分析深化</h4>
          <ul>
            <li>环比降幅收窄（反映管道限制）</li>
            <li>同比降幅收窄（反映供应链成本）</li>
          </ul>
          <h4>政策传导时间轴补充</h4>
          <div>
            8月数据（9月发布）反映前序月冲击<br>
            9月修正值（10月发布）包含供应链调整<br>
          </div>
        </div>
      </div>
    </div>
  </section>

  <section>
    <h2>数据可视化补充说明</h2>
    <div>
      <h3>表格结构优化</h3>
      <p>新增对比维度：<br>
      - 国家案例（墨西哥石油财政/印度雨季/瑞士关税滞后）<br>
      - 政策工具（紧缩/宽松/中性）与市场反应（CPI/核心通胀/货币利率）<br>
      - 时间轴标注（8月数据→9月修正）
      </p>
    </div>
  </section>
</body>
2025-10-04 18:57:10,818 - main - ERROR - None
2025-10-04 18:59:33,350 - openai._base_client - INFO - Retrying request to /chat/completions in 0.417658 seconds
2025-10-04 19:00:03,872 - openai._base_client - INFO - Retrying request to /chat/completions in 0.912183 seconds
2025-10-04 19:00:34,591 - httpx - INFO - HTTP Request: POST https://api.siliconflow.cn/v1/chat/completions "HTTP/1.1 200 OK"
2025-10-04 19:00:34,591 - main - INFO - <body>
    <section>
      <h1>整合后的全球经济动态笔记（欧洲通胀与市场动态）</h1>
      <div>
        <!-- 保留原有笔记 -->
        <h2>2025年9月修正数据</h2>
        <p>欧元区主要经济体9月通胀同比增速加快，德国达2.4%（最快自2023年2月以来），法意西同步上涨，ECB或维持利率不变。</p>
        
        <h3>区域市场对比</h3>
        <table border="1">
          <tr><th>区域</th><th>政策方向</th><th>关键指标变化</th></tr>
          <tr><td>欧元区</td><td>紧缩</td><td>核心通胀2.3%（历史低位）</td></tr>
          <tr><td>非能源工业品</td><td>-</td><td>0.8%持续低迷</td></tr>
        </table>

        <!-- 整合新增内容 -->
        <h3>结构化升级（新增SWAT模型分析）</h3>
        <p>基于SWAT模型（能源→运输→食品→货币）分析框架：
          <ul>
            <li>能源价格：环比降幅收窄（-2.0% vs上月-2.4%），反映管道限制</li>
            <li>食品通胀：黑海协议失效推高运输成本（5.5% vs5.4%）</li>
            <li>服务业：需求疲软（3.1% vs3.2%）</li>
            <li>非能源工业品：投资停滞（0.8%持续低位）</li>
          </ul>
        </p>

        <h4>新增国家案例</h4>
        <div>
          <p>墨西哥财政缺口达310亿美元/GDP（4倍）</p>
          <p>印度雨季数据：降雨+8%→稻米产量+14%</p>
          <p>瑞士特殊案例：关税传导时滞12-18个月（当前落地率37%）</p>
        </div>

        <h3>政策传导时间轴</h3>
        <ul>
          <li>8月数据（9月发布）反映前序月冲击</li>
          <li>9月修正值（10月发布）包含供应链调整</li>
          <li>2025年8月核心通胀2.3%（历史低位）</li>
        </ul>
      </div>

      <hr />
      
      <div>
        <!-- 新增内容 -->
        <h2>数据可视化补充说明（新增表格）</h2>
        <table border="1">
          <tr><th>日期</th><th>通胀率</th><th>核心通胀</th><th>市场预期</th></tr>
          <tr><td>2025-09-17</td><td>2.20%</td><td>2.30%</td><td>2.0%</td></tr>
          <tr><td>2025-08-20</td><td>2.0%</td><td>2.3%</td><td>-</td></tr>
          <tr><td>2025-09-02</td><td>2.0%</td><td>2.3%</td><td>1.9%</td></tr>
        </table>

        <h3>关键指标对比</h3>
        <ul>
          <li>能源价格环比降幅收窄至-2.0%（8月-2.4%）</li>
          <li>食品通胀同比上升0.1%（5.4%→5.5%）</li>
          <li>服务业通胀连续两月下降（3.2%→3.1%→2.9%）</li>
        </ul>
      </div>
    </section>

    <section>
      <h2>新旧知识关联分析与补充说明</h2>
      <p>1. 数据时序补充：原笔记"2025年9月通胀"需明确为修正值，新增8月核心通胀2.3%（历史低位）与9月修正值2.0%对比，标注9月修正数据包含供应链调整项（环比变化+1.0% vs+1.4%）</p>
      
      <h3>结构化升级对比</h3>
      <p>（1）新增维度：
        <ul>
          <li>SWAT模型框架（原无方法论）</li>
          <li>国家案例层（原仅区域对比，现补充墨西哥/印度/瑞士）</li>
          <li>政策传导时滞分析（原无时间维度）</li>
        </ul>
      </p>
      
      <h3>矛盾点解析</h3>
      <p>（1）瑞士通胀数据（0.2%）与货币宽松（-0.25pp）的对称性验证：
        <ul>
          <li>货币宽松滞后效应（时滞12-18个月）与通胀传导存在非线性关系</li>
          <li>关税落地率仅37%需与SWAT模型中的供应链调整因子匹配</li>
        </ul>
      </p>
      
      <h3>关键差异与补充</h3>
      <p>（1）能源价格分析深化：
        <ul>
          <li>环比降幅收窄（反映管道限制）</li>
          <li>同比降幅收窄（反映供应链成本）</li>
        </ul>
      </p>
      
      <p>（2）数据可视化补充：
        <ul>
          <li>新增月度通胀率对比表（原仅年度数据）</li>
          <li>核心通胀率与市场预期的匹配度分析（2025年8月误差-0.1%）</li>
        </ul>
      </p>
    </section>
  </body>
2025-10-04 19:00:39,839 - main - ERROR - None
2025-10-04 19:03:47,633 - httpx - INFO - HTTP Request: POST https://api.siliconflow.cn/v1/chat/completions "HTTP/1.1 200 OK"
2025-10-04 19:03:52,159 - main - ERROR - None
2025-10-04 19:05:59,777 - openai._base_client - INFO - Retrying request to /chat/completions in 0.413661 seconds
2025-10-04 19:06:30,312 - openai._base_client - INFO - Retrying request to /chat/completions in 0.771027 seconds
2025-10-04 19:07:01,487 - main - ERROR - None
2025-10-04 19:09:46,641 - openai._base_client - INFO - Retrying request to /chat/completions in 0.415202 seconds
2025-10-04 19:10:17,222 - openai._base_client - INFO - Retrying request to /chat/completions in 0.942232 seconds
2025-10-04 19:10:42,985 - httpx - INFO - HTTP Request: POST https://api.siliconflow.cn/v1/chat/completions "HTTP/1.1 200 OK"
2025-10-04 19:10:42,992 - main - INFO - <body>
  <section>
    <h1>整合后的全球经济动态笔记（欧洲通胀与市场动态）</h1>
    <div>
      <!-- 保留原有笔记 -->
      <p>2025年9月修正数据：欧元区主要经济体9月通胀同比增速加快，德国达2.4%（最快自2023年2月以来），法意西同步上涨，ECB或维持利率不变。</p>
      <div>
        <h2>区域市场对比</h2>
        <table border="1">
          <tr><th>区域</th><th>政策方向</th><th>关键指标变化</th></tr>
          <tr><td>欧元区</td><td>紧缩</td><td>核心通胀2.3%（历史低位）</td></tr>
        </table>
      </div>
    </div>

    <hr />

    <div>
      <!-- 整合新增内容 -->
      <h2>结构化升级分析</h2>
      <p>基于SWAT模型（能源→运输→食品→货币）分析框架：</p>
      <ul>
        <li>能源价格：环比降幅收窄至-2.0%（上月-2.4%），管道限制显现</li>
        <li>食品通胀：黑海协议失效推高运输成本（5.5%→5.4%同比上升0.1%）</li>
        <li>服务业：需求疲软（3.1% vs 3.2%）</li>
        <li>非能源工业品：投资停滞（0.8%持续低位）</li>
      </ul>

      <div>
        <h2>新增国家案例</h2>
        <ul>
          <li>墨西哥：财政缺口达310亿美元/GDP（4倍OECD均值）</li>
          <li>印度：雨季数据推算稻米产量+14%（降雨+8%）</li>
          <li>瑞士：关税传导时滞12-18个月（当前落地率37%）</li>
        </ul>
      </div>

      <div>
        <h2>数据可视化补充</h2>
        <table border="1">
          <tr><th>日期</th><th>通胀率</th><th>核心通胀</th><th>市场预期</th></tr>
          <tr><td>2025-09-17</td><td>2.20%</td><td>2.30%</td><td>2.0%</td></tr>
          <tr><td>2025-08-20</td><td>2.0%</td><td>2.3%</td><td>-</td></tr>
          <tr><td>2025-09-02</td><td>2.0%</td><td>2.3%</td><td>1.9%</td></tr>
        </table>
      </div>
    </div>
  </section>

  <section>
    <h2>新旧知识关联分析与补充说明</h2>
    <p>1. 数据时序补充：
       - 原笔记"9月通胀"需明确为修正值（含供应链调整项）
       - 新增8月核心通胀2.3%（历史低位）与9月修正值2.0%对比
       - 9月环比变化+1.0%（原为+1.4%），体现政策传导时滞效应</p>

    <p>2. 方法论升级：
       - 新增SWAT模型框架（原无方法论）
       - 补充政策传导时间轴（原无时间维度）
       - 建立能源-运输-食品-货币传导链条（原仅区域对比）</p>

    <p>3. 关键差异与补充：
       <ul>
         <li>能源分析深化：
            - 同比降幅收窄（-2.0% vs -2.4%）
            - 供应链调整因子（新增）
         </li>
         <li>可视化升级：
            - 新增月度通胀率对比表（原仅年度数据）
            - 核心通胀率与市场预期匹配度分析（误差-0.1%）
         </li>
       </ul>
    </p>

    <p>4. 矛盾点解析：
       <ul>
         <li>瑞士通胀0.2% vs 货币宽松-0.25pp的非线性关系：
            - 时滞效应（12-18个月）
            - 关税落地率（37%）与SWAT模型匹配验证
         </li>
         <li>墨西哥财政缺口（4倍OECD均值）与区域市场对比的关联性：
            - 验证SWAT模型中"货币"传导环节的脆弱性
            - 揭示拉美国家通胀传导的特殊性
         </li>
       </ul>
    </p>

    <p>5. 政策动态更新：
       - 新增欧洲央行9月11日维持利率不变的决策细节
       - 补充拉加德"理想水平"的表述（原文引用）
       - 更新降息进程记录（原为8次，现补充至第8次）
    </p>
  </section>
</body>
2025-10-04 19:13:03,248 - httpx - INFO - HTTP Request: POST https://api.siliconflow.cn/v1/chat/completions "HTTP/1.1 200 OK"
2025-10-04 19:14:49,244 - httpx - INFO - HTTP Request: POST https://api.siliconflow.cn/v1/chat/completions "HTTP/1.1 200 OK"
